python : C:\Users\Tanish\Desk
top\cl_symptom\test_anthropic
.py:18: DeprecationWarning: 
The model 
'claude-3-5-haiku-20241022' 
is deprecated and will reach 
end-of-life on February 
19th, 2026.
At line:1 char:1
+ python test_anthropic.py > 
c:\Users\Tanish\Desktop\cl_sy
mptom\test_ou ...
+ ~~~~~~~~~~~~~~~~~~~~~~~~~~~
~~~~~~~~~~~~~~~~~~~~~~~~~~~~~
~~~~~~~~~~~~~
    + CategoryInfo           
   : NotSpecified: (C:\User  
  s\Tanish...ary 19th, 202   
 6.:String) [], RemoteExc    
eption
    + FullyQualifiedErrorId  
   : NativeCommandError
 
Please migrate to a newer 
model. Visit https://docs.ant
hropic.com/en/docs/resources/
model-deprecations for more 
information.
  response = 
client.messages.create(
C:\Users\Tanish\Desktop\cl_sy
mptom\test_anthropic.py:18: 
DeprecationWarning: The 
model 'claude-2.1' is 
deprecated and will reach 
end-of-life on July 21st, 
2025.
Please migrate to a newer 
model. Visit https://docs.ant
hropic.com/en/docs/resources/
model-deprecations for more 
information.
  response = 
client.messages.create(
Using API KEY: sk-ant-api...

Trying model: claude-3-5-sonnet-20241022
[claude-3-5-sonnet-20241022] Error: Error code: 400 - {'type': 'error', 'error': {'type': 'invalid_request_error', 'message': 'Your credit balance is too low to access the Anthropic API. Please go to Plans & Billing to upgrade or purchase credits.'}, 'request_id': 'req_011CZCM7uyjybNvwTB1C5wip'}
Response: {"type":"error","error":{"type":"invalid_request_error","message":"Your credit balance is too low to access the Anthropic API. Please go to Plans & Billing to upgrade or purchase credits."},"request_id":"req_011CZCM7uyjybNvwTB1C5wip"}

Trying model: claude-3-5-haiku-20241022
[claude-3-5-haiku-20241022] Error: Error code: 400 - {'type': 'error', 'error': {'type': 'invalid_request_error', 'message': 'Your credit balance is too low to access the Anthropic API. Please go to Plans & Billing to upgrade or purchase credits.'}, 'request_id': 'req_011CZCM7whBMdDFx37uH5NRe'}
Response: {"type":"error","error":{"type":"invalid_request_error","message":"Your credit balance is too low to access the Anthropic API. Please go to Plans & Billing to upgrade or purchase credits."},"request_id":"req_011CZCM7whBMdDFx37uH5NRe"}

Trying model: claude-3-haiku-20240307
[claude-3-haiku-20240307] Error: Error code: 400 - {'type': 'error', 'error': {'type': 'invalid_request_error', 'message': 'Your credit balance is too low to access the Anthropic API. Please go to Plans & Billing to upgrade or purchase credits.'}, 'request_id': 'req_011CZCM7ya3Q5P9B2TZMqK43'}
Response: {"type":"error","error":{"type":"invalid_request_error","message":"Your credit balance is too low to access the Anthropic API. Please go to Plans & Billing to upgrade or purchase credits."},"request_id":"req_011CZCM7ya3Q5P9B2TZMqK43"}

Trying model: claude-2.1
[claude-2.1] Error: Error code: 400 - {'type': 'error', 'error': {'type': 'invalid_request_error', 'message': 'Your credit balance is too low to access the Anthropic API. Please go to Plans & Billing to upgrade or purchase credits.'}, 'request_id': 'req_011CZCM815q3FnV1EJjaLHMs'}
Response: {"type":"error","error":{"type":"invalid_request_error","message":"Your credit balance is too low to access the Anthropic API. Please go to Plans & Billing to upgrade or purchase credits."},"request_id":"req_011CZCM815q3FnV1EJjaLHMs"}
